// Jest Snapshot v1, https://goo.gl/fbAQLP

exports[`Pruebas en <NoteScreen/> debe de mostrarse correctamente 1`] = `
<div
  className="notes__main-content animate__animated animate__fadeIn animate__faster"
>
  <div
    className="notes__appbar"
  >
    <span>
      December 31st 1969, 8:00
    </span>
    <input
      id="fileSelector"
      name="file"
      onChange={[Function]}
      style={
        Object {
          "display": "none",
        }
      }
      type="file"
    />
    <div>
      <button
        className="btn"
        onClick={[Function]}
      >
        Picture
      </button>
      <button
        className="btn"
        onClick={[Function]}
      >
        Save
      </button>
    </div>
  </div>
  <div
    className="notes__content"
  >
    <input
      autoComplete="off"
      className="notes__title-input"
      name="title"
      onChange={[Function]}
      placeholder="hola"
      type="text"
      value="hola"
    />
    <textarea
      className="notes__texaria"
      name="body"
      onChange={[Function]}
      placeholder="que paso ayer"
      value="Mundo"
    />
  </div>
  <button
    className="btn btn-danger"
    onClick={[Function]}
  >
    Delete
  </button>
</div>
`;
