// Jest Snapshot v1, https://goo.gl/fbAQLP

exports[`pruebas en <JornalEntry/> debe de mostrarse correctamente 1`] = `
<div
  className="journal__entry  pointer animate__animated animate__fadeIn animate__faster"
  onClick={[Function]}
>
  <div
    className="journal__entry-picture"
    style={
      Object {
        "backgroundImage": "url(https://hola/mundo.jpg)",
        "backgroundSize": "cover",
      }
    }
  />
  <div
    className="journal__entry-body"
  >
    <p
      className="journal__entry-title"
    >
      hola
    </p>
    <p
      className="journal__entry-content"
    >
      Mundo
    </p>
  </div>
  <div
    className="journal__entry-dat e-box"
  >
    <span>
      12/21/1969
    </span>
  </div>
</div>
`;
