// Jest Snapshot v1, https://goo.gl/fbAQLP

exports[`Pruebas en el <RegisterScreen/> debe de mostrarse correctamente 1`] = `
Array [
  <h3
    className="auth__title animate__animated animate__fadeIn animate__faster"
  >
    Register
  </h3>,
  <form
    className="animate__animated animate__fadeIn animate__faster"
    onSubmit={[Function]}
  >
    <input
      autoComplete="off"
      className="auth__input"
      name="name"
      onChange={[Function]}
      placeholder="Name"
      type="text"
      value="Gerardo"
    />
    <input
      autoComplete="off"
      className="auth__input"
      name="email"
      onChange={[Function]}
      placeholder="Email"
      type="email"
      value="ddaalgo@algo.sds"
    />
    <input
      autoComplete="off"
      className="auth__input"
      name="password"
      onChange={[Function]}
      placeholder="Password"
      type="password"
      value="123456"
    />
    <input
      className="auth__input"
      name="password2"
      onChange={[Function]}
      placeholder="Confim Password"
      type="password"
      value="123456"
    />
    <button
      className="btn btn-primary btn-block mb-5"
      type="submit"
    >
      Register
    </button>
    <a
      className="links"
      href="/auth/login"
      onClick={[Function]}
    >
      Already Register?
    </a>
  </form>,
]
`;
